// Jest Snapshot v1, https://jestjs.io/docs/snapshot-testing

exports[`jest.config.test.ts should match the snapshot 1`] = `
{
  "globals": {
    "__TEST__": true,
  },
  "moduleNameMapper": {
    "\\.(pcss|less|css)$": "identity-obj-proxy",
    "is-plain-obj": "identity-obj-proxy",
    "uuid": "identity-obj-proxy",
  },
  "prettierPath": null,
  "roots": [
    "./tests",
  ],
  "setupFilesAfterEnv": [],
  "testEnvironment": "jsdom",
  "testEnvironmentOptions": {
    "url": "http://localhost",
  },
  "transform": {
    "^.+\\.[tj]sx?$": [
      "babel-jest",
      {
        "plugins": [],
        "presets": [
          [
            "@babel/preset-env",
            {
              "bugfixes": true,
              "corejs": {
                "proposals": false,
                "version": "3.44.0",
              },
              "debug": false,
              "ignoreBrowserslistConfig": true,
              "shippedProposals": false,
              "targets": {
                "browsers": [
                  "> 1%",
                  "last 1 Android versions",
                  "last 1 ChromeAndroid versions",
                  "last 2 Chrome versions",
                  "last 2 Firefox versions",
                  "last 2 Safari versions",
                  "last 2 iOS versions",
                  "last 2 Edge versions",
                  "last 2 Opera versions",
                ],
              },
              "useBuiltIns": "usage",
            },
          ],
          [
            "@babel/preset-react",
            {
              "development": true,
              "runtime": "automatic",
            },
          ],
          "@babel/preset-typescript",
        ],
      },
    ],
  },
  "transformIgnorePatterns": [
    "node_modules/(?!@lipemat)",
  ],
}
`;
