// Jest Snapshot v1, https://goo.gl/fbAQLP

exports[`config getBrowsersList: browserslist 1`] = `
[
  "and_chr 138",
  "android 138",
  "chrome 138",
  "chrome 137",
  "chrome 136",
  "chrome 112",
  "edge 138",
  "edge 137",
  "firefox 140",
  "firefox 139",
  "ios_saf 18.5",
  "ios_saf 18.4",
  "opera 117",
  "opera 116",
  "safari 18.5",
  "safari 18.4",
  "samsung 28",
]
`;

exports[`config getBrowsersList: expectedBrowsers 1`] = `
[
  "> 1%",
  "last 1 Android versions",
  "last 1 ChromeAndroid versions",
  "last 2 Chrome versions",
  "last 2 Firefox versions",
  "last 2 Safari versions",
  "last 2 iOS versions",
  "last 2 Edge versions",
  "last 2 Opera versions",
]
`;
